node.exe : FAIL __tests__/mealPlanner.test.ts
At line:1 char:1
+ & "C:\Program Files\nodejs/node.exe" "C:\Program Files
\nodejs/node_mo ...
+ ~~~~~~~~~~~~~~~~~~~~~~~~~~~~~~~~~~~~~~~~~~~~~~~~~~~~~~
~~~~~~~~~~~~~~~
    + CategoryInfo          : NotSpecified: (FAIL __tes 
   ts__/mealPlanner.test.ts:String) [], RemoteExceptio  
  n
    + FullyQualifiedErrorId : NativeCommandError
 
  mealPlanner
    generateBalancedMenu
      ├ù should generate a 30-day menu plan (7 ms)
      ├ù should respect diet restrictions (vegetarian) (
1 ms)
      ├ù should prevent category clashes within the same
 day (1 ms)
      ├ù should generate a multi-item breakfast plate (S
erpme)
      ├ù should handle economy mode by preferring budget
 items (1 ms)
      ├ù should assign valid reason tags to meals

  ÔùÅ mealPlanner ÔÇ║ generateBalancedMenu ÔÇ║ should ge
nerate a 30-day menu plan

    ReferenceError: generateEntityId is not defined

    [0m [90m 213 |[39m
     [90m 214 |[39m   [36mconst[39m newPlan[33m:[3
9m [33mMealPlan[39m [33m=[39m {
    [31m[1m>[22m[39m[90m 215 |[39m     id[33m:[3
9m generateEntityId()[33m,[39m
     [90m     |[39m         [31m[1m^[22m[39m
     [90m 216 |[39m     userId[33m:[39m userId [33m
||[39m [35m0[39m[33m,[39m
     [90m 217 |[39m     dietPreference[33m:[39m diet
[33m,[39m
     [90m 218 |[39m     plan_data[33m:[39m plan[33m
,[39m[0m

      at generateEntityId (mealPlanner.ts:215:9)
      at asyncGeneratorStep (node_modules/@babel/runtime
/helpers/asyncToGenerator.js:3:17)
      at _next (node_modules/@babel/runtime/helpers/asyn
cToGenerator.js:17:9)

  ÔùÅ mealPlanner ÔÇ║ generateBalancedMenu ÔÇ║ should re
spect diet restrictions (vegetarian)

    ReferenceError: generateEntityId is not defined

    [0m [90m 213 |[39m
     [90m 214 |[39m   [36mconst[39m newPlan[33m:[3
9m [33mMealPlan[39m [33m=[39m {
    [31m[1m>[22m[39m[90m 215 |[39m     id[33m:[3
9m generateEntityId()[33m,[39m
     [90m     |[39m         [31m[1m^[22m[39m
     [90m 216 |[39m     userId[33m:[39m userId [33m
||[39m [35m0[39m[33m,[39m
     [90m 217 |[39m     dietPreference[33m:[39m diet
[33m,[39m
     [90m 218 |[39m     plan_data[33m:[39m plan[33m
,[39m[0m

      at generateEntityId (mealPlanner.ts:215:9)
      at asyncGeneratorStep (node_modules/@babel/runtime
/helpers/asyncToGenerator.js:3:17)
      at _next (node_modules/@babel/runtime/helpers/asyn
cToGenerator.js:17:9)

  ÔùÅ mealPlanner ÔÇ║ generateBalancedMenu ÔÇ║ should pr
event category clashes within the same day

    ReferenceError: generateEntityId is not defined

    [0m [90m 213 |[39m
     [90m 214 |[39m   [36mconst[39m newPlan[33m:[3
9m [33mMealPlan[39m [33m=[39m {
    [31m[1m>[22m[39m[90m 215 |[39m     id[33m:[3
9m generateEntityId()[33m,[39m
     [90m     |[39m         [31m[1m^[22m[39m
     [90m 216 |[39m     userId[33m:[39m userId [33m
||[39m [35m0[39m[33m,[39m
     [90m 217 |[39m     dietPreference[33m:[39m diet
[33m,[39m
     [90m 218 |[39m     plan_data[33m:[39m plan[33m
,[39m[0m

      at generateEntityId (mealPlanner.ts:215:9)
      at asyncGeneratorStep (node_modules/@babel/runtime
/helpers/asyncToGenerator.js:3:17)
      at _next (node_modules/@babel/runtime/helpers/asyn
cToGenerator.js:17:9)

  ÔùÅ mealPlanner ÔÇ║ generateBalancedMenu ÔÇ║ should ge
nerate a multi-item breakfast plate (Serpme)

    ReferenceError: generateEntityId is not defined

    [0m [90m 213 |[39m
     [90m 214 |[39m   [36mconst[39m newPlan[33m:[3
9m [33mMealPlan[39m [33m=[39m {
    [31m[1m>[22m[39m[90m 215 |[39m     id[33m:[3
9m generateEntityId()[33m,[39m
     [90m     |[39m         [31m[1m^[22m[39m
     [90m 216 |[39m     userId[33m:[39m userId [33m
||[39m [35m0[39m[33m,[39m
     [90m 217 |[39m     dietPreference[33m:[39m diet
[33m,[39m
     [90m 218 |[39m     plan_data[33m:[39m plan[33m
,[39m[0m

      at generateEntityId (mealPlanner.ts:215:9)
      at asyncGeneratorStep (node_modules/@babel/runtime
/helpers/asyncToGenerator.js:3:17)
      at _next (node_modules/@babel/runtime/helpers/asyn
cToGenerator.js:17:9)

  ÔùÅ mealPlanner ÔÇ║ generateBalancedMenu ÔÇ║ should ha
ndle economy mode by preferring budget items

    ReferenceError: generateEntityId is not defined

    [0m [90m 213 |[39m
     [90m 214 |[39m   [36mconst[39m newPlan[33m:[3
9m [33mMealPlan[39m [33m=[39m {
    [31m[1m>[22m[39m[90m 215 |[39m     id[33m:[3
9m generateEntityId()[33m,[39m
     [90m     |[39m         [31m[1m^[22m[39m
     [90m 216 |[39m     userId[33m:[39m userId [33m
||[39m [35m0[39m[33m,[39m
     [90m 217 |[39m     dietPreference[33m:[39m diet
[33m,[39m
     [90m 218 |[39m     plan_data[33m:[39m plan[33m
,[39m[0m

      at generateEntityId (mealPlanner.ts:215:9)
      at asyncGeneratorStep (node_modules/@babel/runtime
/helpers/asyncToGenerator.js:3:17)
      at _next (node_modules/@babel/runtime/helpers/asyn
cToGenerator.js:17:9)

  ÔùÅ mealPlanner ÔÇ║ generateBalancedMenu ÔÇ║ should as
sign valid reason tags to meals

    ReferenceError: generateEntityId is not defined

    [0m [90m 213 |[39m
     [90m 214 |[39m   [36mconst[39m newPlan[33m:[3
9m [33mMealPlan[39m [33m=[39m {
    [31m[1m>[22m[39m[90m 215 |[39m     id[33m:[3
9m generateEntityId()[33m,[39m
     [90m     |[39m         [31m[1m^[22m[39m
     [90m 216 |[39m     userId[33m:[39m userId [33m
||[39m [35m0[39m[33m,[39m
     [90m 217 |[39m     dietPreference[33m:[39m diet
[33m,[39m
     [90m 218 |[39m     plan_data[33m:[39m plan[33m
,[39m[0m

      at generateEntityId (mealPlanner.ts:215:9)
      at asyncGeneratorStep (node_modules/@babel/runtime
/helpers/asyncToGenerator.js:3:17)
      at _next (node_modules/@babel/runtime/helpers/asyn
cToGenerator.js:17:9)

Test Suites: 1 failed, 1 total
Tests:       6 failed, 6 total
Snapshots:   0 total
Time:        1.095 s, estimated 2 s
Ran all test suites matching /__tests__\\mealPlanner.tes
t.ts/i.
