
> yemekmenu@1.0.0 test
> jest __tests__/mealPlanner.test.ts --verbose

node.exe : FAIL __tests__/mealPlanner.test.ts
At line:1 char:1
+ & "C:\Program Files\nodejs/node.exe" "C:\Program Files\nodejs/n
ode_mo ...
+ ~~~~~~~~~~~~~~~~~~~~~~~~~~~~~~~~~~~~~~~~~~~~~~~~~~~~~~~~~~~~~~~
~~~~~~
    + CategoryInfo          : NotSpecified: (FAIL __tests__/meal 
   Planner.test.ts:String) [], RemoteException
    + FullyQualifiedErrorId : NativeCommandError
 
  mealPlanner
    generateBalancedMenu
      ÔêÜ should generate a 30-day menu plan (14 ms)
      ÔêÜ should respect diet restrictions (vegetarian) (5 ms)
      ÔêÜ should prevent category clashes within the same day (3 
ms)
      ├ù should generate a multi-item breakfast plate (Serpme) (2
 ms)
      ÔêÜ should handle economy mode by preferring budget items (
2 ms)
      ÔêÜ should assign valid reason tags to meals (1 ms)

  ÔùÅ mealPlanner ÔÇ║ generateBalancedMenu ÔÇ║ should generate a 
multi-item breakfast plate (Serpme)

    expect(received).toBeGreaterThanOrEqual(expected)

    Expected: >= 3
    Received:    0

    [0m [90m 47 |[39m
     [90m 48 |[39m       expect([33mArray[39m[33m.[39misArr
ay(breakfast))[33m.[39mtoBe([36mtrue[39m)[33m;[39m
    [31m[1m>[22m[39m[90m 49 |[39m       expect(breakfast[3
3m.[39mlength)[33m.[39mtoBeGreaterThanOrEqual([35m3[39m)[33
m;[39m [90m// En az Main + Side + Drink[39m
     [90m    |[39m                                [31m[1m^[2
2m[39m
     [90m 50 |[39m
     [90m 51 |[39m       [36mconst[39m hasMain [33m=[39m br
eakfast[33m.[39msome((f) [33m=>[39m f[33m.[39msubCategory 
[33m===[39m [32m"main"[39m)[33m;[39m
     [90m 52 |[39m       [36mconst[39m hasSide [33m=[39m br
eakfast[33m.[39msome((f) [33m=>[39m f[33m.[39msubCategory 
[33m===[39m [32m"side"[39m)[33m;[39m[0m

      at Object.toBeGreaterThanOrEqual (__tests__/mealPlanner.tes
t.ts:49:32)
      at asyncGeneratorStep (node_modules/@babel/runtime/helpers/
asyncToGenerator.js:3:17)
      at _next (node_modules/@babel/runtime/helpers/asyncToGenera
tor.js:17:9)

Test Suites: 1 failed, 1 total
Tests:       1 failed, 5 passed, 6 total
Snapshots:   0 total
Time:        1.253 s, estimated 4 s
Ran all test suites matching /__tests__\\mealPlanner.test.ts/i.
